daddastest test
